copied sdk-node to clean temp dir (deps excluded)
$ npm ci -> exit 0
npm warn deprecated node-domexception@1.0.0: Use your platform's native DOMException instead
npm warn install-scripts 5 packages have install scripts not yet covered by allowScripts:
npm warn install-scripts   esbuild@0.28.2 (postinstall: node install.js)
npm warn install-scripts   fsevents@2.3.3 (install: (install scripts present))
npm warn install-scripts   @google/genai@1.52.0 (preinstall: echo 'preinstall: no-op')
npm warn install-scripts   esbuild@0.28.1 (postinstall: node install.js)
npm warn install-scripts   protobufjs@7.6.5 (postinstall: node scripts/postinstall)
npm warn install-scripts
npm warn install-scripts Run `npm install-scripts ls` to review, or `npm install-scripts approve <pkg>` to allow.

$ npm test -> exit 0
xt mismatch (user-message target semantics broken) -> FAIL (55.294292ms)
✔ fake navigateTree mirrors Pi semantics: leaf move, no-op, not found, streaming reject (29.725291ms)
✔ tree-nav stays separate from the five unified scenarios (0.230917ms)
✔ valid event passes (1.625708ms)
✔ invalid events are rejected field by field (0.397208ms)
✔ valid result passes; invalid statuses rejected (0.288042ms)
✔ validateEventFile: good file passes with count (3.9225ms)
✔ validateEventFile: non-monotonic seq fails (4.305708ms)
✔ validateEventFile: broken JSON line fails (7.887459ms)
✔ detectSharedSchemas reports absence honestly (0.134375ms)
✔ detectSharedSchemas finds schemas when present (10.403917ms)
ℹ tests 80
ℹ suites 0
ℹ pass 80
ℹ fail 0
ℹ cancelled 0
ℹ skipped 0
ℹ todo 0
ℹ duration_ms 1181.071875

